// 重构日志: a929d820
// 重构日志: d064cc32
// 重构日志: 864e4f55
// 重构日志: 9c3ae863
// 同步 ID: c0db5294 @ Thu Jul 23 11:10:17 UTC 2026
// 重构日志: c110b2c1
// 同步 ID: 801bd3cf @ Fri Jul 24 05:43:57 UTC 2026
// 重构日志: b4978752
// 同步 ID: 08852a45 @ Sat Jul 25 01:06:26 UTC 2026
// 重构日志: 746649c7
// 同步 ID: eecfdae9 @ Sat Jul 25 13:21:04 UTC 2026
// 重构日志: e28b53ae
// 重构日志: fe075f4f
// 同步 ID: ad0ceb93 @ Tue Jul 28 08:30:54 UTC 2026
// 同步 ID: 7ae5dcce @ Tue Jul 28 13:45:24 UTC 2026
// 同步 ID: 44ef1723 @ Tue Jul 28 16:06:45 UTC 2026
// 重构日志: 04e3d76a
// 同步 ID: e63b18b5 @ Thu Jul 30 04:01:08 UTC 2026
// 同步 ID: 62e70014 @ Thu Jul 30 10:03:24 UTC 2026
// 同步 ID: c5668163 @ Thu Jul 30 19:49:16 UTC 2026
// 重构日志: 57c788aa
// 重构日志: 1465219c
// 同步 ID: c2383bff @ Sat Aug  1 12:33:12 UTC 2026
// 重构日志: 925efc35
// 同步 ID: 29aaf858 @ Sat Aug  1 16:08:32 UTC 2026
// 重构日志: f7e87def
// 同步 ID: 7eb16b52 @ Sun Aug  2 05:11:26 UTC 2026
// 同步 ID: ed4a8e31 @ Sun Aug  2 10:33:09 UTC 2026
// 同步 ID: c75070e8 @ Sun Aug  2 14:48:57 UTC 2026
// 同步 ID: 0cc2ef86 @ Tue Aug  4 12:48:27 UTC 2026
// 重构日志: 55b3ac2e
